Copyright 1986-2022 Xilinx, Inc. All Rights Reserved. Copyright 2022-2025 Advanced Micro Devices, Inc. All Rights Reserved.
---------------------------------------------------------------------------------------------------------------------------------------------
| Tool Version : Vivado v.2025.2 (lin64) Build 6299465 Fri Nov 14 12:34:56 MST 2025
| Date         : Mon Apr 13 03:32:59 2026
| Host         : aaarthuus running 64-bit Ubuntu 24.04.4 LTS
| Command      : report_timing_summary -file /tmp/vivado_timing_ooc.rpt
| Design       : sc_shd_top
| Device       : 7z020-clg400
| Speed File   : -1  PRODUCTION 1.12 2019-11-22
| Design State : Synthesized
---------------------------------------------------------------------------------------------------------------------------------------------

Timing Summary Report

------------------------------------------------------------------------------------------------
| Timer Settings
| --------------
------------------------------------------------------------------------------------------------

  Enable Multi Corner Analysis               :  Yes
  Enable Pessimism Removal                   :  Yes
  Pessimism Removal Resolution               :  Nearest Common Node
  Enable Input Delay Default Clock           :  No
  Enable Preset / Clear Arcs                 :  No
  Disable Flight Delays                      :  No
  Ignore I/O Paths                           :  No
  Timing Early Launch at Borrowing Latches   :  No
  Borrow Time for Max Delay Exceptions       :  Yes
  Merge Timing Exceptions                    :  Yes
  Inter-SLR Compensation                     :  Conservative

  Corner  Analyze    Analyze
  Name    Max Paths  Min Paths
  ------  ---------  ---------
  Slow    Yes        Yes
  Fast    Yes        Yes


------------------------------------------------------------------------------------------------
| Report Methodology
| ------------------
------------------------------------------------------------------------------------------------

No report available as report_methodology has not been run prior. Run report_methodology on the current design for the summary of methodology violations.



check_timing report

Table of Contents
-----------------
1. checking no_clock (0)
2. checking constant_clock (0)
3. checking pulse_width_clock (0)
4. checking unconstrained_internal_endpoints (0)
5. checking no_input_delay (0)
6. checking no_output_delay (0)
7. checking multiple_clock (0)
8. checking generated_clocks (0)
9. checking loops (0)
10. checking partial_input_delay (0)
11. checking partial_output_delay (0)
12. checking latch_loops (0)

1. checking no_clock (0)
------------------------
 There are 0 register/latch pins with no clock.


2. checking constant_clock (0)
------------------------------
 There are 0 register/latch pins with constant_clock.


3. checking pulse_width_clock (0)
---------------------------------
 There are 0 register/latch pins which need pulse_width check


4. checking unconstrained_internal_endpoints (0)
------------------------------------------------
 There are 0 pins that are not constrained for maximum delay.

 There are 0 pins that are not constrained for maximum delay due to constant clock.


5. checking no_input_delay (0)
------------------------------
 There are 0 input ports with no input delay specified.

 There are 0 input ports with no input delay but user has a false path constraint.


6. checking no_output_delay (0)
-------------------------------
 There are 0 ports with no output delay specified.

 There are 0 ports with no output delay but user has a false path constraint

 There are 0 ports with no output delay but with a timing clock defined on it or propagating through it


7. checking multiple_clock (0)
------------------------------
 There are 0 register/latch pins with multiple clocks.


8. checking generated_clocks (0)
--------------------------------
 There are 0 generated clocks that are not connected to a clock source.


9. checking loops (0)
---------------------
 There are 0 combinational loops in the design.


10. checking partial_input_delay (0)
------------------------------------
 There are 0 input ports with partial input delay specified.


11. checking partial_output_delay (0)
-------------------------------------
 There are 0 ports with partial output delay specified.


12. checking latch_loops (0)
----------------------------
 There are 0 combinational latch loops in the design through latch input



------------------------------------------------------------------------------------------------
| Design Timing Summary
| ---------------------
------------------------------------------------------------------------------------------------

    WNS(ns)      TNS(ns)  TNS Failing Endpoints  TNS Total Endpoints      WHS(ns)      THS(ns)  THS Failing Endpoints  THS Total Endpoints     WPWS(ns)     TPWS(ns)  TPWS Failing Endpoints  TPWS Total Endpoints
    -------      -------  ---------------------  -------------------      -------      -------  ---------------------  -------------------     --------     --------  ----------------------  --------------------
      4.048        0.000                      0                 2636        0.179        0.000                      0                 2636        4.500        0.000                       0                   670


All user specified timing constraints are met.


------------------------------------------------------------------------------------------------
| Clock Summary
| -------------
------------------------------------------------------------------------------------------------

Clock  Waveform(ns)       Period(ns)      Frequency(MHz)
-----  ------------       ----------      --------------
clk    {0.000 5.000}      10.000          100.000


------------------------------------------------------------------------------------------------
| Intra Clock Table
| -----------------
------------------------------------------------------------------------------------------------

Clock             WNS(ns)      TNS(ns)  TNS Failing Endpoints  TNS Total Endpoints      WHS(ns)      THS(ns)  THS Failing Endpoints  THS Total Endpoints     WPWS(ns)     TPWS(ns)  TPWS Failing Endpoints  TPWS Total Endpoints
-----             -------      -------  ---------------------  -------------------      -------      -------  ---------------------  -------------------     --------     --------  ----------------------  --------------------
clk                 4.048        0.000                      0                 1966        0.179        0.000                      0                 1966        4.500        0.000                       0                   670


------------------------------------------------------------------------------------------------
| Inter Clock Table
| -----------------
------------------------------------------------------------------------------------------------

From Clock    To Clock          WNS(ns)      TNS(ns)  TNS Failing Endpoints  TNS Total Endpoints      WHS(ns)      THS(ns)  THS Failing Endpoints  THS Total Endpoints
----------    --------          -------      -------  ---------------------  -------------------      -------      -------  ---------------------  -------------------


------------------------------------------------------------------------------------------------
| Other Path Groups Table
| -----------------------
------------------------------------------------------------------------------------------------

Path Group         From Clock         To Clock               WNS(ns)      TNS(ns)  TNS Failing Endpoints  TNS Total Endpoints      WHS(ns)      THS(ns)  THS Failing Endpoints  THS Total Endpoints
----------         ----------         --------               -------      -------  ---------------------  -------------------      -------      -------  ---------------------  -------------------
**async_default**  clk                clk                      6.557        0.000                      0                  670        0.941        0.000                      0                  670


------------------------------------------------------------------------------------------------
| Timing Details
| --------------
------------------------------------------------------------------------------------------------


---------------------------------------------------------------------------------------------------
From Clock:  clk
  To Clock:  clk

Setup :            0  Failing Endpoints,  Worst Slack        4.048ns,  Total Violation        0.000ns
Hold  :            0  Failing Endpoints,  Worst Slack        0.179ns,  Total Violation        0.000ns
PW    :            0  Failing Endpoints,  Worst Slack        4.500ns,  Total Violation        0.000ns
---------------------------------------------------------------------------------------------------


Max Delay Paths
--------------------------------------------------------------------------------------
Slack (MET) :             4.048ns  (required time - arrival time)
  Source:                 t_orig[5]
                            (input port clocked by clk  {rise@0.000ns fall@5.000ns period=10.000ns})
  Destination:            cycle_reg[0]/CE
                            (rising edge-triggered cell FDCE clocked by clk  {rise@0.000ns fall@5.000ns period=10.000ns})
  Path Group:             clk
  Path Type:              Setup (Max at Slow Process Corner)
  Requirement:            10.000ns  (clk rise@10.000ns - clk rise@0.000ns)
  Data Path Delay:        4.672ns  (logic 2.091ns (44.756%)  route 2.581ns (55.244%))
  Logic Levels:           7  (CARRY4=4 LUT1=1 LUT3=1 LUT6=1)
  Input Delay:            2.000ns
  Clock Path Skew:        0.924ns (DCD - SCD + CPR)
    Destination Clock Delay (DCD):    0.924ns = ( 10.924 - 10.000 )
    Source Clock Delay      (SCD):    0.000ns
    Clock Pessimism Removal (CPR):    0.000ns
  Clock Uncertainty:      0.035ns  ((TSJ^2 + TIJ^2)^1/2 + DJ) / 2 + PE
    Total System Jitter     (TSJ):    0.071ns
    Total Input Jitter      (TIJ):    0.000ns
    Discrete Jitter          (DJ):    0.000ns
    Phase Error              (PE):    0.000ns

    Location             Delay type                Incr(ns)  Path(ns)    Netlist Resource(s)
  -------------------------------------------------------------------    -------------------
                         (clock clk rise edge)        0.000     0.000 r
                         input delay                  2.000     2.000
                                                      0.000     2.000 f  t_orig[5] (IN)
                         net (fo=1, unset)            0.973     2.973    t_orig[5]
                         LUT1 (Prop_lut1_I0_O)        0.124     3.097 r  running_rep_i_15/O
                         net (fo=1, unplaced)         0.000     3.097    p_0_in[5]
                         CARRY4 (Prop_carry4_S[1]_CO[3])
                                                      0.533     3.630 r  running_reg_rep_i_14/CO[3]
                         net (fo=1, unplaced)         0.009     3.639    running_reg_rep_i_14_n_0
                         CARRY4 (Prop_carry4_CI_CO[3])
                                                      0.117     3.756 r  running_reg_rep_i_13/CO[3]
                         net (fo=1, unplaced)         0.000     3.756    running_reg_rep_i_13_n_0
                         CARRY4 (Prop_carry4_CI_O[0])
                                                      0.232     3.988 r  running_reg_rep_i_11/O[0]
                         net (fo=1, unplaced)         0.741     4.729    running_reg_rep_i_11_n_7
                         LUT6 (Prop_lut6_I1_O)        0.295     5.024 r  running_rep_i_6/O
                         net (fo=1, unplaced)         0.000     5.024    running_rep_i_6_n_0
                         CARRY4 (Prop_carry4_S[0]_CO[1])
                                                      0.458     5.482 f  running_reg_rep_i_3/CO[1]
                         net (fo=2, unplaced)         0.323     5.805    running0
                         LUT3 (Prop_lut3_I2_O)        0.332     6.137 r  running_rep_i_1/O
                         net (fo=22, unplaced)        0.535     6.672    running_rep_i_1_n_0
                         FDCE                                         r  cycle_reg[0]/CE
  -------------------------------------------------------------------    -------------------

                         (clock clk rise edge)       10.000    10.000 r
                                                      0.000    10.000 r  clk (IN)
                         net (fo=669, unset)          0.924    10.924    clk
                         FDCE                                         r  cycle_reg[0]/C
                         clock pessimism              0.000    10.924
                         clock uncertainty           -0.035    10.889
                         FDCE (Setup_fdce_C_CE)      -0.169    10.720    cycle_reg[0]
  -------------------------------------------------------------------
                         required time                         10.720
                         arrival time                          -6.672
  -------------------------------------------------------------------
                         slack                                  4.048





Min Delay Paths
--------------------------------------------------------------------------------------
Slack (MET) :             0.179ns  (arrival time - required time)
  Source:                 start
                            (input port clocked by clk  {rise@0.000ns fall@5.000ns period=10.000ns})
  Destination:            pipe3_active_reg/D
                            (rising edge-triggered cell FDCE clocked by clk  {rise@0.000ns fall@5.000ns period=10.000ns})
  Path Group:             clk
  Path Type:              Hold (Min at Slow Process Corner)
  Requirement:            0.000ns  (clk rise@0.000ns - clk rise@0.000ns)
  Data Path Delay:        1.017ns  (logic 0.093ns (9.141%)  route 0.924ns (90.859%))
  Logic Levels:           1  (LUT3=1)
  Input Delay:            0.500ns
  Clock Path Skew:        0.973ns (DCD - SCD - CPR)
    Destination Clock Delay (DCD):    0.973ns
    Source Clock Delay      (SCD):    0.000ns
    Clock Pessimism Removal (CPR):    -0.000ns
  Clock Uncertainty:      0.035ns  ((TSJ^2 + TIJ^2)^1/2 + DJ) / 2 + PE
    Total System Jitter     (TSJ):    0.071ns
    Total Input Jitter      (TIJ):    0.000ns
    Discrete Jitter          (DJ):    0.000ns
    Phase Error              (PE):    0.000ns

    Location             Delay type                Incr(ns)  Path(ns)    Netlist Resource(s)
  -------------------------------------------------------------------    -------------------
                         (clock clk rise edge)        0.000     0.000 r
                         input delay                  0.500     0.500
                                                      0.000     0.500 f  start (IN)
                         net (fo=661, unset)          0.924     1.424    start
                         LUT3 (Prop_lut3_I2_O)        0.093     1.517 r  pipe3_active_i_2/O
                         net (fo=1, unplaced)         0.000     1.517    pipe3_active_i_2_n_0
                         FDCE                                         r  pipe3_active_reg/D
  -------------------------------------------------------------------    -------------------

                         (clock clk rise edge)        0.000     0.000 r
                                                      0.000     0.000 r  clk (IN)
                         net (fo=669, unset)          0.973     0.973    clk
                         FDCE                                         r  pipe3_active_reg/C
                         clock pessimism              0.000     0.973
                         clock uncertainty            0.035     1.008
                         FDCE (Hold_fdce_C_D)         0.330     1.338    pipe3_active_reg
  -------------------------------------------------------------------
                         required time                         -1.338
                         arrival time                           1.517
  -------------------------------------------------------------------
                         slack                                  0.179





Pulse Width Checks
--------------------------------------------------------------------------------------
Clock Name:         clk
Waveform(ns):       { 0.000 5.000 }
Period(ns):         10.000
Sources:            { clk }

Check Type        Corner  Lib Pin  Reference Pin  Required(ns)  Actual(ns)  Slack(ns)  Location  Pin
Min Period        n/a     FDCE/C   n/a            1.000         10.000      9.000                cycle_reg[0]/C
Low Pulse Width   Slow    FDCE/C   n/a            0.500         5.000       4.500                cycle_reg[0]/C
High Pulse Width  Slow    FDCE/C   n/a            0.500         5.000       4.500                cycle_reg[0]/C



---------------------------------------------------------------------------------------------------
Path Group:  **async_default**
From Clock:  clk
  To Clock:  clk

Setup :            0  Failing Endpoints,  Worst Slack        6.557ns,  Total Violation        0.000ns
Hold  :            0  Failing Endpoints,  Worst Slack        0.941ns,  Total Violation        0.000ns
---------------------------------------------------------------------------------------------------


Max Delay Paths
--------------------------------------------------------------------------------------
Slack (MET) :             6.557ns  (required time - arrival time)
  Source:                 rst_n
                            (input port clocked by clk  {rise@0.000ns fall@5.000ns period=10.000ns})
  Destination:            cycle_reg[0]/CLR
                            (recovery check against rising-edge clock clk  {rise@0.000ns fall@5.000ns period=10.000ns})
  Path Group:             **async_default**
  Path Type:              Recovery (Max at Slow Process Corner)
  Requirement:            10.000ns  (clk rise@10.000ns - clk rise@0.000ns)
  Data Path Delay:        2.013ns  (logic 0.124ns (6.160%)  route 1.889ns (93.840%))
  Logic Levels:           1  (LUT1=1)
  Input Delay:            2.000ns
  Clock Path Skew:        0.924ns (DCD - SCD + CPR)
    Destination Clock Delay (DCD):    0.924ns = ( 10.924 - 10.000 )
    Source Clock Delay      (SCD):    0.000ns
    Clock Pessimism Removal (CPR):    0.000ns
  Clock Uncertainty:      0.035ns  ((TSJ^2 + TIJ^2)^1/2 + DJ) / 2 + PE
    Total System Jitter     (TSJ):    0.071ns
    Total Input Jitter      (TIJ):    0.000ns
    Discrete Jitter          (DJ):    0.000ns
    Phase Error              (PE):    0.000ns

    Location             Delay type                Incr(ns)  Path(ns)    Netlist Resource(s)
  -------------------------------------------------------------------    -------------------
                         (clock clk rise edge)        0.000     0.000 r
                         input delay                  2.000     2.000
                                                      0.000     2.000 r  rst_n (IN)
                         net (fo=0)                   0.973     2.973    dense3/rst_n
                         LUT1 (Prop_lut1_I0_O)        0.124     3.097 f  dense3/running_rep_i_2/O
                         net (fo=670, unplaced)       0.916     4.013    dense3_n_0
                         FDCE                                         f  cycle_reg[0]/CLR
  -------------------------------------------------------------------    -------------------

                         (clock clk rise edge)       10.000    10.000 r
                                                      0.000    10.000 r  clk (IN)
                         net (fo=669, unset)          0.924    10.924    clk
                         FDCE                                         r  cycle_reg[0]/C
                         clock pessimism              0.000    10.924
                         clock uncertainty           -0.035    10.889
                         FDCE (Recov_fdce_C_CLR)     -0.319    10.570    cycle_reg[0]
  -------------------------------------------------------------------
                         required time                         10.570
                         arrival time                          -4.013
  -------------------------------------------------------------------
                         slack                                  6.557





Min Delay Paths
--------------------------------------------------------------------------------------
Slack (MET) :             0.941ns  (arrival time - required time)
  Source:                 rst_n
                            (input port clocked by clk  {rise@0.000ns fall@5.000ns period=10.000ns})
  Destination:            cycle_reg[0]/CLR
                            (removal check against rising-edge clock clk  {rise@0.000ns fall@5.000ns period=10.000ns})
  Path Group:             **async_default**
  Path Type:              Removal (Min at Fast Process Corner)
  Requirement:            0.000ns  (clk rise@0.000ns - clk rise@0.000ns)
  Data Path Delay:        0.841ns  (logic 0.045ns (5.349%)  route 0.796ns (94.651%))
  Logic Levels:           1  (LUT1=1)
  Input Delay:            0.500ns
  Clock Path Skew:        0.432ns (DCD - SCD - CPR)
    Destination Clock Delay (DCD):    0.432ns
    Source Clock Delay      (SCD):    0.000ns
    Clock Pessimism Removal (CPR):    -0.000ns
  Clock Uncertainty:      0.035ns  ((TSJ^2 + TIJ^2)^1/2 + DJ) / 2 + PE
    Total System Jitter     (TSJ):    0.071ns
    Total Input Jitter      (TIJ):    0.000ns
    Discrete Jitter          (DJ):    0.000ns
    Phase Error              (PE):    0.000ns

    Location             Delay type                Incr(ns)  Path(ns)    Netlist Resource(s)
  -------------------------------------------------------------------    -------------------
                         (clock clk rise edge)        0.000     0.000 r
                         input delay                  0.500     0.500
                                                      0.000     0.500 r  rst_n (IN)
                         net (fo=0)                   0.410     0.910    dense3/rst_n
                         LUT1 (Prop_lut1_I0_O)        0.045     0.955 f  dense3/running_rep_i_2/O
                         net (fo=670, unplaced)       0.386     1.341    dense3_n_0
                         FDCE                                         f  cycle_reg[0]/CLR
  -------------------------------------------------------------------    -------------------

                         (clock clk rise edge)        0.000     0.000 r
                                                      0.000     0.000 r  clk (IN)
                         net (fo=669, unset)          0.432     0.432    clk
                         FDCE                                         r  cycle_reg[0]/C
                         clock pessimism              0.000     0.432
                         clock uncertainty            0.035     0.467
                         FDCE (Remov_fdce_C_CLR)     -0.067     0.400    cycle_reg[0]
  -------------------------------------------------------------------
                         required time                         -0.400
                         arrival time                           1.341
  -------------------------------------------------------------------
                         slack                                  0.941





