Brunel balanced network benchmark — 3 repeats per config
  Regime: AI (g=5.0, eta=2.0)
  V_th=20.0 mV, V_reset=10.0 mV, tau_m=20.0 ms, J=0.1 mV
  C_E=80, nu_ext=250.0 Hz, ext_lambda/step=2.0000
  Scales: [1000, 10000]
  Backends: ['brian2', 'v18', 'v20']

=== 1,000 neurons (800E / 200I), C_E=80, nu_ext=250.0 Hz, 1s sim ===
  Brian2 (reference) run 1/3 ... 1.71s, 100986 spikes, 101.0 Hz
  Brian2 (reference) run 2/3 ... 1.22s, 100680 spikes, 100.7 Hz
  Brian2 (reference) run 3/3 ... 1.22s, 99508 spikes, 99.5 Hz
  SC V18 Numba JIT run 1/3 ... 0.34s, 100011 spikes, 100.0 Hz
  SC V18 Numba JIT run 2/3 ... 0.34s, 100011 spikes, 100.0 Hz
  SC V18 Numba JIT run 3/3 ... 0.35s, 100011 spikes, 100.0 Hz
  SC V20 Vectorized run 1/3 ... 0.56s, 99830 spikes, 99.8 Hz
  SC V20 Vectorized run 2/3 ... 0.59s, 99830 spikes, 99.8 Hz
  SC V20 Vectorized run 3/3 ... 0.56s, 99830 spikes, 99.8 Hz

=== 10,000 neurons (8000E / 2000I), C_E=800, nu_ext=25.0 Hz, 1s sim ===
  Brian2 (reference) run 1/3 ... 6.97s, 445797 spikes, 44.6 Hz
  Brian2 (reference) run 2/3 ... 5.41s, 462771 spikes, 46.3 Hz
  Brian2 (reference) run 3/3 ... 5.36s, 399426 spikes, 39.9 Hz
  SC V18 Numba JIT run 1/3 ... 4.36s, 405858 spikes, 40.6 Hz
  SC V18 Numba JIT run 2/3 ... 4.37s, 405858 spikes, 40.6 Hz
  SC V18 Numba JIT run 3/3 ... 4.36s, 405858 spikes, 40.6 Hz
  SC V20 Vectorized run 1/3 ... 4.78s, 404731 spikes, 40.5 Hz
  SC V20 Vectorized run 2/3 ... 4.76s, 404731 spikes, 40.5 Hz
  SC V20 Vectorized run 3/3 ... 4.81s, 404731 spikes, 40.5 Hz


## Brian2 vs SC-NeuroCore — Brunel Balanced Network (AI Regime)

| Scale | Backend | Wall (s) | Spikes | Rate (Hz) | Memory (MB) |
|------:|:--------|--------:|---------:|----------:|------------:|
| 1,000 | Brian2 (reference) | 1.382 +/- 0.229 | 100,391 | 100.4 +/- 0.6 | 1.7 |
| 1,000 | SC V18 Numba JIT | 0.345 +/- 0.001 | 100,011 | 100.0 +/- 0.0 | 8.6 |
| 1,000 | SC V20 Vectorized | 0.572 +/- 0.013 | 99,830 | 99.8 +/- 0.0 | 8.6 |
| 10,000 | Brian2 (reference) | 5.914 +/- 0.746 | 435,998 | 43.6 +/- 2.7 | 75.1 |
| 10,000 | SC V18 Numba JIT | 4.364 +/- 0.003 | 405,858 | 40.6 +/- 0.0 | 858.5 |
| 10,000 | SC V20 Vectorized | 4.787 +/- 0.020 | 404,731 | 40.5 +/- 0.0 | 858.3 |

### Speedup vs Brian2

| Scale | Backend | Speedup |
|------:|:--------|--------:|
| 1,000 | SC V18 Numba JIT | 4.01x |
| 1,000 | SC V20 Vectorized | 2.42x |
| 10,000 | SC V18 Numba JIT | 1.35x |
| 10,000 | SC V20 Vectorized | 1.24x |

Results written to ../benchmarks/results/upcloud_p4_rerun_20260310/brian2_headtohead.json
