Brunel balanced network benchmark — 3 repeats per config
  Regime: AI (g=5.0, eta=2.0)
  V_th=20.0 mV, V_reset=10.0 mV, tau_m=20.0 ms, J=0.1 mV
  C_E=80, nu_ext=250.0 Hz, ext_lambda/step=2.0000
  Scales: [1000, 10000]
  Backends: ['brian2', 'v1', 'v3', 'v18', 'v20']

=== 1,000 neurons (800E / 200I), C_E=80, nu_ext=250.0 Hz, 1s sim ===
  Brian2 (reference) run 1/3 ... 1.77s, 97664 spikes, 97.7 Hz
  Brian2 (reference) run 2/3 ... 19.66s, 99751 spikes, 99.8 Hz
  Brian2 (reference) run 3/3 ... 1.37s, 95738 spikes, 95.7 Hz
  SC V1 StochasticLIF run 1/3 ... 108.00s, 99830 spikes, 99.8 Hz
  SC V1 StochasticLIF run 2/3 ... 104.76s, 99830 spikes, 99.8 Hz
  SC V1 StochasticLIF run 3/3 ... 103.44s, 99830 spikes, 99.8 Hz
  SC V3 FixedPoint Q8.8 run 1/3 ... 99.17s, 66488 spikes, 66.5 Hz
  SC V3 FixedPoint Q8.8 run 2/3 ... 102.14s, 66488 spikes, 66.5 Hz
  SC V3 FixedPoint Q8.8 run 3/3 ... 102.26s, 66488 spikes, 66.5 Hz
  SC V18 Numba JIT run 1/3 ... 0.33s, 100011 spikes, 100.0 Hz
  SC V18 Numba JIT run 2/3 ... 0.33s, 100011 spikes, 100.0 Hz
  SC V18 Numba JIT run 3/3 ... 0.33s, 100011 spikes, 100.0 Hz
  SC V20 Vectorized run 1/3 ... 0.58s, 99830 spikes, 99.8 Hz
  SC V20 Vectorized run 2/3 ... 0.57s, 99830 spikes, 99.8 Hz
  SC V20 Vectorized run 3/3 ... 0.57s, 99830 spikes, 99.8 Hz

=== 10,000 neurons (8000E / 2000I), C_E=800, nu_ext=25.0 Hz, 1s sim ===
  Brian2 (reference) run 1/3 ... 5.85s, 447247 spikes, 44.7 Hz
  Brian2 (reference) run 2/3 ... 6.00s, 428046 spikes, 42.8 Hz
  Brian2 (reference) run 3/3 ... 5.85s, 435182 spikes, 43.5 Hz
  SC V1 StochasticLIF run 1/3 ... 1110.50s, 404731 spikes, 40.5 Hz
  SC V1 StochasticLIF run 2/3 ... 1136.54s, 404731 spikes, 40.5 Hz
  SC V1 StochasticLIF run 3/3 ... 1126.86s, 404731 spikes, 40.5 Hz
  SC V3 FixedPoint Q8.8 run 1/3 ... 1107.55s, 355566 spikes, 35.6 Hz
  SC V3 FixedPoint Q8.8 run 2/3 ... 