
*** Running vivado
    with args -log system_wrapper.vds -m64 -product Vivado -mode batch -messageDb vivado.pb -notrace -source system_wrapper.tcl


****** Vivado v2025.2 (64-bit)
  **** SW Build 6299465 on Fri Nov 14 12:34:56 MST 2025
  **** IP Build 6300035 on Fri Nov 14 10:48:45 MST 2025
  **** SharedData Build 6298862 on Thu Nov 13 04:50:51 MST 2025
  **** Start of session at: Mon Apr 13 05:37:05 2026
    ** Copyright 1986-2022 Xilinx, Inc. All Rights Reserved.
    ** Copyright 2022-2025 Advanced Micro Devices, Inc. All Rights Reserved.

source system_wrapper.tcl -notrace
INFO: [IP_Flow 19-234] Refreshing IP repositories
INFO: [IP_Flow 19-1704] No user IP repositories specified
INFO: [IP_Flow 19-2313] Loaded Vivado IP repository '/tools/Xilinx/2025.2/data/ip'.
Command: read_checkpoint -auto_incremental -incremental /media/anulum/724AA8E84AA8AA75/aaa_God_of_the_Math_Collection/03_CODE/SC-NEUROCORE/sc_shd_pynq/sc_shd_pynq.srcs/utils_1/imports/synth_1/sc_shd_axi_wrapper.dcp
INFO: [Vivado 12-5825] Read reference checkpoint from /media/anulum/724AA8E84AA8AA75/aaa_God_of_the_Math_Collection/03_CODE/SC-NEUROCORE/sc_shd_pynq/sc_shd_pynq.srcs/utils_1/imports/synth_1/sc_shd_axi_wrapper.dcp for incremental synthesis
INFO: [Vivado 12-7989] Please ensure there are no constraint changes
Command: synth_design -top system_wrapper -part xc7z020clg400-1
Starting synth_design
Attempting to get a license for feature 'Synthesis' and/or device 'xc7z020'
INFO: [Common 17-349] Got license for feature 'Synthesis' and/or device 'xc7z020'
INFO: [Device 21-403] Loading part xc7z020clg400-1
INFO: [Synth 8-7079] Multithreading enabled for synth_design using a maximum of 7 processes.
INFO: [Synth 8-7078] Launching helper process for spawning children vivado processes
INFO: [Synth 8-7075] Helper process launched with PID 3966760
---------------------------------------------------------------------------------
Starting RTL Elaboration : Time (s): cpu = 00:00:07 ; elapsed = 00:00:07 . Memory (MB): peak = 2261.633 ; gain = 481.188 ; free physical = 9122 ; free virtual = 23876
---------------------------------------------------------------------------------
INFO: [Synth 8-6157] synthesizing module 'system_wrapper' [/media/anulum/724AA8E84AA8AA75/aaa_God_of_the_Math_Collection/03_CODE/SC-NEUROCORE/sc_shd_pynq/sc_shd_pynq.gen/sources_1/bd/system/hdl/system_wrapper.v:13]
INFO: [Synth 8-6157] synthesizing module 'system' [/media/anulum/724AA8E84AA8AA75/aaa_God_of_the_Math_Collection/03_CODE/SC-NEUROCORE/sc_shd_pynq/sc_shd_pynq.gen/sources_1/bd/system/synth/system.v:13]
INFO: [Synth 8-6157] synthesizing module 'system_axi_smc_0' [/media/anulum/724AA8E84AA8AA75/aaa_God_of_the_Math_Collection/03_CODE/SC-NEUROCORE/sc_shd_pynq/sc_shd_pynq.runs/synth_1/.Xil/Vivado-3966687-aaarthuus/realtime/system_axi_smc_0_stub.v:6]
INFO: [Synth 8-6155] done synthesizing module 'system_axi_smc_0' (0#1) [/media/anulum/724AA8E84AA8AA75/aaa_God_of_the_Math_Collection/03_CODE/SC-NEUROCORE/sc_shd_pynq/sc_shd_pynq.runs/synth_1/.Xil/Vivado-3966687-aaarthuus/realtime/system_axi_smc_0_stub.v:6]
INFO: [Synth 8-6157] synthesizing module 'system_processing_system7_0_0' [/media/anulum/724AA8E84AA8AA75/aaa_God_of_the_Math_Collection/03_CODE/SC-NEUROCORE/sc_shd_pynq/sc_shd_pynq.runs/synth_1/.Xil/Vivado-3966687-aaarthuus/realtime/system_processing_system7_0_0_stub.v:6]
INFO: [Synth 8-6155] done synthesizing module 'system_processing_system7_0_0' (0#1) [/media/anulum/724AA8E84AA8AA75/aaa_God_of_the_Math_Collection/03_CODE/SC-NEUROCORE/sc_shd_pynq/sc_shd_pynq.runs/synth_1/.Xil/Vivado-3966687-aaarthuus/realtime/system_processing_system7_0_0_stub.v:6]
INFO: [Synth 8-6157] synthesizing module 'system_rst_ps7_0_50M_0' [/media/anulum/724AA8E84AA8AA75/aaa_God_of_the_Math_Collection/03_CODE/SC-NEUROCORE/sc_shd_pynq/sc_shd_pynq.runs/synth_1/.Xil/Vivado-3966687-aaarthuus/realtime/system_rst_ps7_0_50M_0_stub.v:6]
INFO: [Synth 8-6155] done synthesizing module 'system_rst_ps7_0_50M_0' (0#1) [/media/anulum/724AA8E84AA8AA75/aaa_God_of_the_Math_Collection/03_CODE/SC-NEUROCORE/sc_shd_pynq/sc_shd_pynq.runs/synth_1/.Xil/Vivado-3966687-aaarthuus/realtime/system_rst_ps7_0_50M_0_stub.v:6]
WARNING: [Synth 8-7071] port 'mb_reset' of module 'system_rst_ps7_0_50M_0' is unconnected for instance 'rst_ps7_0_50M' [/media/anulum/724AA8E84AA8AA75/aaa_God_of_the_Math_Collection/03_CODE/SC-NEUROCORE/sc_shd_pynq/sc_shd_pynq.gen/sources_1/bd/system/synth/system.v:263]
WARNING: [Synth 8-7071] port 'bus_struct_reset' of module 'system_rst_ps7_0_50M_0' is unconnected for instance 'rst_ps7_0_50M' [/media/anulum/724AA8E84AA8AA75/aaa_God_of_the_Math_Collection/03_CODE/SC-NEUROCORE/sc_shd_pynq/sc_shd_pynq.gen/sources_1/bd/system/synth/system.v:263]
WARNING: [Synth 8-7071] port 'peripheral_reset' of module 'system_rst_ps7_0_50M_0' is unconnected for instance 'rst_ps7_0_50M' [/media/anulum/724AA8E84AA8AA75/aaa_God_of_the_Math_Collection/03_CODE/SC-NEUROCORE/sc_shd_pynq/sc_shd_pynq.gen/sources_1/bd/system/synth/system.v:263]
WARNING: [Synth 8-7071] port 'interconnect_aresetn' of module 'system_rst_ps7_0_50M_0' is unconnected for instance 'rst_ps7_0_50M' [/media/anulum/724AA8E84AA8AA75/aaa_God_of_the_Math_Collection/03_CODE/SC-NEUROCORE/sc_shd_pynq/sc_shd_pynq.gen/sources_1/bd/system/synth/system.v:263]
WARNING: [Synth 8-7023] instance 'rst_ps7_0_50M' of module 'system_rst_ps7_0_50M_0' has 10 connections declared, but only 6 given [/media/anulum/724AA8E84AA8AA75/aaa_God_of_the_Math_Collection/03_CODE/SC-NEUROCORE/sc_shd_pynq/sc_shd_pynq.gen/sources_1/bd/system/synth/system.v:263]
INFO: [Synth 8-6157] synthesizing module 'system_sc_shd_axi_wrapper_0_0' [/media/anulum/724AA8E84AA8AA75/aaa_God_of_the_Math_Collection/03_CODE/SC-NEUROCORE/sc_shd_pynq/sc_shd_pynq.runs/synth_1/.Xil/Vivado-3966687-aaarthuus/realtime/system_sc_shd_axi_wrapper_0_0_stub.v:6]
INFO: [Synth 8-6155] done synthesizing module 'system_sc_shd_axi_wrapper_0_0' (0#1) [/media/anulum/724AA8E84AA8AA75/aaa_God_of_the_Math_Collection/03_CODE/SC-NEUROCORE/sc_shd_pynq/sc_shd_pynq.runs/synth_1/.Xil/Vivado-3966687-aaarthuus/realtime/system_sc_shd_axi_wrapper_0_0_stub.v:6]
INFO: [Synth 8-6155] done synthesizing module 'system' (0#1) [/media/anulum/724AA8E84AA8AA75/aaa_God_of_the_Math_Collection/03_CODE/SC-NEUROCORE/sc_shd_pynq/sc_shd_pynq.gen/sources_1/bd/system/synth/system.v:13]
INFO: [Synth 8-6155] done synthesizing module 'system_wrapper' (0#1) [/media/anulum/724AA8E84AA8AA75/aaa_God_of_the_Math_Collection/03_CODE/SC-NEUROCORE/sc_shd_pynq/sc_shd_pynq.gen/sources_1/bd/system/hdl/system_wrapper.v:13]
---------------------------------------------------------------------------------
Finished RTL Elaboration : Time (s): cpu = 00:00:09 ; elapsed = 00:00:10 . Memory (MB): peak = 2353.602 ; gain = 573.156 ; free physical = 9020 ; free virtual = 23771
---------------------------------------------------------------------------------
---------------------------------------------------------------------------------
Start Handling Custom Attributes
---------------------------------------------------------------------------------
---------------------------------------------------------------------------------
Finished Handling Custom Attributes : Time (s): cpu = 00:00:09 ; elapsed = 00:00:10 . Memory (MB): peak = 2356.570 ; gain = 576.125 ; free physical = 9020 ; free virtual = 23771
---------------------------------------------------------------------------------
---------------------------------------------------------------------------------
Finished RTL Optimization Phase 1 : Time (s): cpu = 00:00:09 ; elapsed = 00:00:10 . Memory (MB): peak = 2356.570 ; gain = 576.125 ; free physical = 9020 ; free virtual = 23771
---------------------------------------------------------------------------------
Netlist sorting complete. Time (s): cpu = 00:00:00.01 ; elapsed = 00:00:00.01 . Memory (MB): peak = 2356.570 ; gain = 0.000 ; free physical = 9020 ; free virtual = 23771
INFO: [Project 1-570] Preparing netlist for logic optimization

Processing XDC Constraints
Initializing timing engine
Parsing XDC File [/media/anulum/724AA8E84AA8AA75/aaa_God_of_the_Math_Collection/03_CODE/SC-NEUROCORE/sc_shd_pynq/sc_shd_pynq.gen/sources_1/bd/system/ip/system_processing_system7_0_0/system_processing_system7_0_0/system_processing_system7_0_0_in_context.xdc] for cell 'system_i/processing_system7_0'
Finished Parsing XDC File [/media/anulum/724AA8E84AA8AA75/aaa_God_of_the_Math_Collection/03_CODE/SC-NEUROCORE/sc_shd_pynq/sc_shd_pynq.gen/sources_1/bd/system/ip/system_processing_system7_0_0/system_processing_system7_0_0/system_processing_system7_0_0_in_context.xdc] for cell 'system_i/processing_system7_0'
Parsing XDC File [/media/anulum/724AA8E84AA8AA75/aaa_God_of_the_Math_Collection/03_CODE/SC-NEUROCORE/sc_shd_pynq/sc_shd_pynq.gen/sources_1/bd/system/ip/system_sc_shd_axi_wrapper_0_0/system_sc_shd_axi_wrapper_0_0/system_sc_shd_axi_wrapper_0_0_in_context.xdc] for cell 'system_i/sc_shd_axi_wrapper_0'
Finished Parsing XDC File [/media/anulum/724AA8E84AA8AA75/aaa_God_of_the_Math_Collection/03_CODE/SC-NEUROCORE/sc_shd_pynq/sc_shd_pynq.gen/sources_1/bd/system/ip/system_sc_shd_axi_wrapper_0_0/system_sc_shd_axi_wrapper_0_0/system_sc_shd_axi_wrapper_0_0_in_context.xdc] for cell 'system_i/sc_shd_axi_wrapper_0'
Parsing XDC File [/media/anulum/724AA8E84AA8AA75/aaa_God_of_the_Math_Collection/03_CODE/SC-NEUROCORE/sc_shd_pynq/sc_shd_pynq.gen/sources_1/bd/system/ip/system_axi_smc_0/system_axi_smc_0/system_axi_smc_0_in_context.xdc] for cell 'system_i/axi_smc'
Finished Parsing XDC File [/media/anulum/724AA8E84AA8AA75/aaa_God_of_the_Math_Collection/03_CODE/SC-NEUROCORE/sc_shd_pynq/sc_shd_pynq.gen/sources_1/bd/system/ip/system_axi_smc_0/system_axi_smc_0/system_axi_smc_0_in_context.xdc] for cell 'system_i/axi_smc'
Parsing XDC File [/media/anulum/724AA8E84AA8AA75/aaa_God_of_the_Math_Collection/03_CODE/SC-NEUROCORE/sc_shd_pynq/sc_shd_pynq.gen/sources_1/bd/system/ip/system_rst_ps7_0_50M_0/system_rst_ps7_0_50M_0/system_rst_ps7_0_50M_0_in_context.xdc] for cell 'system_i/rst_ps7_0_50M'
Finished Parsing XDC File [/media/anulum/724AA8E84AA8AA75/aaa_God_of_the_Math_Collection/03_CODE/SC-NEUROCORE/sc_shd_pynq/sc_shd_pynq.gen/sources_1/bd/system/ip/system_rst_ps7_0_50M_0/system_rst_ps7_0_50M_0/system_rst_ps7_0_50M_0_in_context.xdc] for cell 'system_i/rst_ps7_0_50M'
Parsing XDC File [/media/anulum/724AA8E84AA8AA75/aaa_God_of_the_Math_Collection/03_CODE/SC-NEUROCORE/sc_shd_pynq/sc_shd_pynq.runs/synth_1/dont_touch.xdc]
Finished Parsing XDC File [/media/anulum/724AA8E84AA8AA75/aaa_God_of_the_Math_Collection/03_CODE/SC-NEUROCORE/sc_shd_pynq/sc_shd_pynq.runs/synth_1/dont_touch.xdc]
Completed Processing XDC Constraints

Netlist sorting complete. Time (s): cpu = 00:00:00 ; elapsed = 00:00:00 . Memory (MB): peak = 2404.223 ; gain = 0.000 ; free physical = 9016 ; free virtual = 23764
INFO: [Project 1-111] Unisim Transformation Summary:
No Unisim elements were transformed.

Constraint Validation Runtime : Time (s): cpu = 00:00:00.01 ; elapsed = 00:00:00.01 . Memory (MB): peak = 2404.258 ; gain = 0.000 ; free physical = 9016 ; free virtual = 23764
---------------------------------------------------------------------------------
Finished Constraint Validation : Time (s): cpu = 00:00:19 ; elapsed = 00:00:20 . Memory (MB): peak = 2404.258 ; gain = 623.812 ; free physical = 9070 ; free virtual = 23814
---------------------------------------------------------------------------------
---------------------------------------------------------------------------------
Start Loading Part and Timing Information
---------------------------------------------------------------------------------
Loading part: xc7z020clg400-1
---------------------------------------------------------------------------------
Finished Loading Part and Timing Information : Time (s): cpu = 00:00:19 ; elapsed = 00:00:20 . Memory (MB): peak = 2412.227 ; gain = 631.781 ; free physical = 9070 ; free virtual = 23814
---------------------------------------------------------------------------------
---------------------------------------------------------------------------------
Start Applying 'set_property' XDC Constraints
---------------------------------------------------------------------------------
---------------------------------------------------------------------------------
Finished applying 'set_property' XDC Constraints : Time (s): cpu = 00:00:20 ; elapsed = 00:00:21 . Memory (MB): peak = 2412.227 ; gain = 631.781 ; free physical = 9069 ; free virtual = 23813
---------------------------------------------------------------------------------
---------------------------------------------------------------------------------
Start Preparing Guide Design
---------------------------------------------------------------------------------
CRITICAL WARNING: [Synth 8-6895] The reference checkpoint /media/anulum/724AA8E84AA8AA75/aaa_God_of_the_Math_Collection/03_CODE/SC-NEUROCORE/sc_shd_pynq/sc_shd_pynq.srcs/utils_1/imports/synth_1/sc_shd_axi_wrapper.dcp is not suitable for use with incremental synthesis for this design. Please regenerate the checkpoint for this design with -incremental_synth switch in the same Vivado session that synth_design has been run. Synthesis will continue with the default flow
---------------------------------------------------------------------------------
Finished Doing Graph Differ : Time (s): cpu = 00:00:20 ; elapsed = 00:00:21 . Memory (MB): peak = 2412.227 ; gain = 631.781 ; free physical = 9068 ; free virtual = 23817
---------------------------------------------------------------------------------
---------------------------------------------------------------------------------
Finished Preparing Guide Design : Time (s): cpu = 00:00:20 ; elapsed = 00:00:21 . Memory (MB): peak = 2412.227 ; gain = 631.781 ; free physical = 9068 ; free virtual = 23817
---------------------------------------------------------------------------------
---------------------------------------------------------------------------------
Finished RTL Optimization Phase 2 : Time (s): cpu = 00:00:20 ; elapsed = 00:00:21 . Memory (MB): peak = 2412.227 ; gain = 631.781 ; free physical = 9069 ; free virtual = 23817
---------------------------------------------------------------------------------


Incremental Synthesis Report Summary:

1. Incremental synthesis run: no

   Reason for not running incremental synthesis : 


INFO: [Synth 8-7130] Flow is switching to default flow due to incremental criteria not met. If you would like to alter this behaviour and have the flow terminate instead, please set the following parameter config_implementation {autoIncr.Synth.RejectBehavior Terminate}
---------------------------------------------------------------------------------
Start RTL Component Statistics 
---------------------------------------------------------------------------------
Detailed RTL Component Info : 
---------------------------------------------------------------------------------
Finished RTL Component Statistics 
---------------------------------------------------------------------------------
---------------------------------------------------------------------------------
Start Part Resource Summary
---------------------------------------------------------------------------------
Part Resources:
DSPs: 220 (col length:60)
BRAMs: 280 (col length: RAMB18 60 RAMB36 30)
---------------------------------------------------------------------------------
Finished Part Resource Summary
---------------------------------------------------------------------------------
---------------------------------------------------------------------------------
Start Cross Boundary and Area Optimization
---------------------------------------------------------------------------------
---------------------------------------------------------------------------------
Finished Cross Boundary and Area Optimization : Time (s): cpu = 00:00:22 ; elapsed = 00:00:23 . Memory (MB): peak = 2412.227 ; gain = 631.781 ; free physical = 9063 ; free virtual = 23820
---------------------------------------------------------------------------------
---------------------------------------------------------------------------------
Start Applying XDC Timing Constraints
---------------------------------------------------------------------------------
---------------------------------------------------------------------------------
Finished Applying XDC Timing Constraints : Time (s): cpu = 00:00:27 ; elapsed = 00:00:28 . Memory (MB): peak = 2519.227 ; gain = 738.781 ; free physical = 8990 ; free virtual = 23751
---------------------------------------------------------------------------------
---------------------------------------------------------------------------------
Start Timing Optimization
---------------------------------------------------------------------------------
---------------------------------------------------------------------------------
Finished Timing Optimization : Time (s): cpu = 00:00:27 ; elapsed = 00:00:28 . Memory (MB): peak = 2519.227 ; gain = 738.781 ; free physical = 8990 ; free virtual = 23751
---------------------------------------------------------------------------------
---------------------------------------------------------------------------------
Start Technology Mapping
---------------------------------------------------------------------------------
---------------------------------------------------------------------------------
Finished Technology Mapping : Time (s): cpu = 00:00:27 ; elapsed = 00:00:28 . Memory (MB): peak = 2529.242 ; gain = 748.797 ; free physical = 8983 ; free virtual = 23743
---------------------------------------------------------------------------------
---------------------------------------------------------------------------------
Start IO Insertion
---------------------------------------------------------------------------------
---------------------------------------------------------------------------------
Start Flattening Before IO Insertion
---------------------------------------------------------------------------------
---------------------------------------------------------------------------------
Finished Flattening Before IO Insertion
---------------------------------------------------------------------------------
---------------------------------------------------------------------------------
Start Final Netlist Cleanup
---------------------------------------------------------------------------------
---------------------------------------------------------------------------------
Finished Final Netlist Cleanup
---------------------------------------------------------------------------------
---------------------------------------------------------------------------------
Finished IO Insertion : Time (s): cpu = 00:00:33 ; elapsed = 00:00:34 . Memory (MB): peak = 2716.055 ; gain = 935.609 ; free physical = 8804 ; free virtual = 23563
---------------------------------------------------------------------------------
---------------------------------------------------------------------------------
Start Renaming Generated Instances
---------------------------------------------------------------------------------
---------------------------------------------------------------------------------
Finished Renaming Generated Instances : Time (s): cpu = 00:00:33 ; elapsed = 00:00:34 . Memory (MB): peak = 2716.055 ; gain = 935.609 ; free physical = 8804 ; free virtual = 23563
---------------------------------------------------------------------------------
---------------------------------------------------------------------------------
Start Rebuilding User Hierarchy
---------------------------------------------------------------------------------
---------------------------------------------------------------------------------
Finished Rebuilding User Hierarchy : Time (s): cpu = 00:00:33 ; elapsed = 00:00:34 . Memory (MB): peak = 2716.055 ; gain = 935.609 ; free physical = 8804 ; free virtual = 23563
---------------------------------------------------------------------------------
---------------------------------------------------------------------------------
Start Renaming Generated Ports
---------------------------------------------------------------------------------
---------------------------------------------------------------------------------
Finished Renaming Generated Ports : Time (s): cpu = 00:00:33 ; elapsed = 00:00:34 . Memory (MB): peak = 2716.055 ; gain = 935.609 ; free physical = 8804 ; free virtual = 23563
---------------------------------------------------------------------------------
---------------------------------------------------------------------------------
Start Handling Custom Attributes
---------------------------------------------------------------------------------
---------------------------------------------------------------------------------
Finished Handling Custom Attributes : Time (s): cpu = 00:00:33 ; elapsed = 00:00:34 . Memory (MB): peak = 2716.055 ; gain = 935.609 ; free physical = 8804 ; free virtual = 23563
---------------------------------------------------------------------------------
---------------------------------------------------------------------------------
Start Renaming Generated Nets
---------------------------------------------------------------------------------
---------------------------------------------------------------------------------
Finished Renaming Generated Nets : Time (s): cpu = 00:00:33 ; elapsed = 00:00:34 . Memory (MB): peak = 2716.055 ; gain = 935.609 ; free physical = 8804 ; free virtual = 23563
---------------------------------------------------------------------------------
---------------------------------------------------------------------------------
Start Writing Synthesis Report
---------------------------------------------------------------------------------

Report BlackBoxes: 
+------+------------------------------+----------+
|      |BlackBox name                 |Instances |
+------+------------------------------+----------+
|1     |system_axi_smc_0              |         1|
|2     |system_processing_system7_0_0 |         1|
|3     |system_rst_ps7_0_50M_0        |         1|
|4     |system_sc_shd_axi_wrapper_0_0 |         1|
+------+------------------------------+----------+

Report Cell Usage: 
+------+----------------------------+------+
|      |Cell                        |Count |
+------+----------------------------+------+
|1     |system_axi_smc              |     1|
|2     |system_processing_system7_0 |     1|
|3     |system_rst_ps7_0_50M        |     1|
|4     |system_sc_shd_axi_wrapper_0 |     1|
+------+----------------------------+------+
---------------------------------------------------------------------------------
Finished Writing Synthesis Report : Time (s): cpu = 00:00:33 ; elapsed = 00:00:34 . Memory (MB): peak = 2716.055 ; gain = 935.609 ; free physical = 8804 ; free virtual = 23563
---------------------------------------------------------------------------------
Synthesis finished with 0 errors, 1 critical warnings and 0 warnings.
Synthesis Optimization Runtime : Time (s): cpu = 00:00:31 ; elapsed = 00:00:32 . Memory (MB): peak = 2716.055 ; gain = 887.922 ; free physical = 8804 ; free virtual = 23563
Synthesis Optimization Complete : Time (s): cpu = 00:00:33 ; elapsed = 00:00:35 . Memory (MB): peak = 2716.062 ; gain = 935.609 ; free physical = 8804 ; free virtual = 23563
INFO: [Project 1-571] Translating synthesized netlist
Netlist sorting complete. Time (s): cpu = 00:00:00.01 ; elapsed = 00:00:00 . Memory (MB): peak = 2716.062 ; gain = 0.000 ; free physical = 8803 ; free virtual = 23563
INFO: [Project 1-570] Preparing netlist for logic optimization
INFO: [Opt 31-138] Pushed 0 inverter(s) to 0 load pin(s).
Netlist sorting complete. Time (s): cpu = 00:00:00 ; elapsed = 00:00:00 . Memory (MB): peak = 2716.062 ; gain = 0.000 ; free physical = 8970 ; free virtual = 23730
INFO: [Project 1-111] Unisim Transformation Summary:
No Unisim elements were transformed.

Synth Design complete | Checksum: 8787b1a4
INFO: [Common 17-83] Releasing license: Synthesis
30 Infos, 5 Warnings, 1 Critical Warnings and 0 Errors encountered.
synth_design completed successfully
synth_design: Time (s): cpu = 00:00:43 ; elapsed = 00:00:42 . Memory (MB): peak = 2716.090 ; gain = 1138.488 ; free physical = 8970 ; free virtual = 23730
INFO: [Common 17-2834] synth_design peak Physical Memory [PSS] (MB): overall = 1952.143; main = 1833.312; forked = 278.964
INFO: [Common 17-2834] synth_design peak Virtual Memory [VSS] (MB): overall = 3608.848; main = 2716.059; forked = 1019.602
INFO: [runtcl-6] Synthesis results are not added to the cache due to CRITICAL_WARNING
INFO: [Common 17-1381] The checkpoint '/media/anulum/724AA8E84AA8AA75/aaa_God_of_the_Math_Collection/03_CODE/SC-NEUROCORE/sc_shd_pynq/sc_shd_pynq.runs/synth_1/system_wrapper.dcp' has been generated.
INFO: [Vivado 12-24828] Executing command : report_utilization -file system_wrapper_utilization_synth.rpt -pb system_wrapper_utilization_synth.pb
INFO: [Common 17-206] Exiting Vivado at Mon Apr 13 05:37:57 2026...
