Copyright 1986-2022 Xilinx, Inc. All Rights Reserved. Copyright 2022-2025 Advanced Micro Devices, Inc. All Rights Reserved.
---------------------------------------------------------------------------------------------------------------------------------------------
| Tool Version : Vivado v.2025.2 (lin64) Build 6299465 Fri Nov 14 12:34:56 MST 2025
| Date         : Mon Apr 13 05:38:42 2026
| Host         : aaarthuus running 64-bit Ubuntu 24.04.4 LTS
| Command      : report_control_sets -verbose -file system_wrapper_control_sets_placed.rpt
| Design       : system_wrapper
| Device       : xc7z020
---------------------------------------------------------------------------------------------------------------------------------------------

Control Set Information

Table of Contents
-----------------
1. Summary
2. Histogram
3. Flip-Flop Distribution
4. Detailed Control Set Information

1. Summary
----------

+----------------------------------------------------------+-------+
|                          Status                          | Count |
+----------------------------------------------------------+-------+
| Total control sets                                       |    55 |
|    Minimum number of control sets                        |    55 |
|    Addition due to synthesis replication                 |     0 |
|    Addition due to physical synthesis replication        |     0 |
| Unused register locations in slices containing registers |   163 |
+----------------------------------------------------------+-------+
* Control sets can be merged at opt_design using control_set_merge or merge_equivalent_drivers
** Run report_qor_suggestions for automated merging and remapping suggestions


2. Histogram
------------

+--------------------+-------+
|       Fanout       | Count |
+--------------------+-------+
| Total control sets |    55 |
| >= 0 to < 4        |    15 |
| >= 4 to < 6        |     4 |
| >= 6 to < 8        |     5 |
| >= 8 to < 10       |     6 |
| >= 10 to < 12      |     1 |
| >= 12 to < 14      |     5 |
| >= 14 to < 16      |     0 |
| >= 16              |    19 |
+--------------------+-------+
* Control sets can be remapped at either synth_design or opt_design


3. Flip-Flop Distribution
-------------------------

+--------------+-----------------------+------------------------+-----------------+--------------+
| Clock Enable | Synchronous Set/Reset | Asynchronous Set/Reset | Total Registers | Total Slices |
+--------------+-----------------------+------------------------+-----------------+--------------+
| No           | No                    | No                     |             142 |           53 |
| No           | No                    | Yes                    |              38 |           17 |
| No           | Yes                   | No                     |              58 |           34 |
| Yes          | No                    | No                     |             228 |           54 |
| Yes          | No                    | Yes                    |             659 |          131 |
| Yes          | Yes                   | No                     |             328 |          121 |
+--------------+-----------------------+------------------------+-----------------+--------------+


4. Detailed Control Set Information
-----------------------------------

+-----------------------------------------------+-----------------------------------------------------------------------------------------------------------------------------------------------------------------+--------------------------------------------------------------------------------------------------------------------+------------------+----------------+--------------+
|                  Clock Signal                 |                                                                          Enable Signal                                                                          |                                                  Set/Reset Signal                                                  | Slice Load Count | Bel Load Count | Bels / Slice |
+-----------------------------------------------+-----------------------------------------------------------------------------------------------------------------------------------------------------------------+--------------------------------------------------------------------------------------------------------------------+------------------+----------------+--------------+
|  system_i/processing_system7_0/inst/FCLK_CLK0 |                                                                                                                                                                 | system_i/axi_smc/inst/s00_nodes/s00_w_node/inst/s_sc_areset_pipe                                                   |                1 |              1 |         1.00 |
|  system_i/processing_system7_0/inst/FCLK_CLK0 |                                                                                                                                                                 | system_i/axi_smc/inst/s00_nodes/s00_b_node/inst/s_sc_areset_pipe                                                   |                1 |              1 |         1.00 |
|  system_i/processing_system7_0/inst/FCLK_CLK0 |                                                                                                                                                                 | system_i/axi_smc/inst/s00_nodes/s00_ar_node/inst/s_sc_areset_pipe                                                  |                1 |              1 |         1.00 |
|  system_i/processing_system7_0/inst/FCLK_CLK0 |                                                                                                                                                                 | system_i/axi_smc/inst/s00_nodes/s00_r_node/inst/s_sc_areset_pipe                                                   |                1 |              1 |         1.00 |
|  system_i/processing_system7_0/inst/FCLK_CLK0 |                                                                                                                                                                 | system_i/axi_smc/inst/s00_nodes/s00_aw_node/inst/s_sc_areset_pipe                                                  |                1 |              1 |         1.00 |
|  system_i/processing_system7_0/inst/FCLK_CLK0 | system_i/sc_shd_axi_wrapper_0/inst/u_core/pipe3_active                                                                                                          | system_i/sc_shd_axi_wrapper_0/inst/u_core/dense3/S_AXI_ARESETN_0                                                   |                1 |              3 |         3.00 |
|  system_i/processing_system7_0/inst/FCLK_CLK0 |                                                                                                                                                                 | system_i/axi_smc/inst/s00_entry_pipeline/s00_mmu/inst/xpm_cdc_async_rst_inst/reset_pol                             |                1 |              3 |         3.00 |
|  system_i/processing_system7_0/inst/FCLK_CLK0 |                                                                                                                                                                 | system_i/axi_smc/inst/s00_nodes/s00_ar_node/inst/s_sc_xpm_cdc_async_rst_inst/reset_pol                             |                1 |              3 |         3.00 |
|  system_i/processing_system7_0/inst/FCLK_CLK0 |                                                                                                                                                                 | system_i/axi_smc/inst/s00_nodes/s00_w_node/inst/s_sc_xpm_cdc_async_rst_inst/reset_pol                              |                1 |              3 |         3.00 |
|  system_i/processing_system7_0/inst/FCLK_CLK0 |                                                                                                                                                                 | system_i/axi_smc/inst/s00_nodes/s00_r_node/inst/s_sc_xpm_cdc_async_rst_inst/reset_pol                              |                1 |              3 |         3.00 |
|  system_i/processing_system7_0/inst/FCLK_CLK0 |                                                                                                                                                                 | system_i/axi_smc/inst/m00_exit_pipeline/m00_exit/inst/xpm_cdc_async_rst_inst/reset_pol                             |                1 |              3 |         3.00 |
|  system_i/processing_system7_0/inst/FCLK_CLK0 |                                                                                                                                                                 | system_i/axi_smc/inst/s00_nodes/s00_aw_node/inst/s_sc_xpm_cdc_async_rst_inst/reset_pol                             |                1 |              3 |         3.00 |
|  system_i/processing_system7_0/inst/FCLK_CLK0 |                                                                                                                                                                 | system_i/axi_smc/inst/s00_nodes/s00_b_node/inst/s_sc_xpm_cdc_async_rst_inst/reset_pol                              |                1 |              3 |         3.00 |
|  system_i/processing_system7_0/inst/FCLK_CLK0 |                                                                                                                                                                 | system_i/axi_smc/inst/s00_entry_pipeline/s00_si_converter/inst/xpm_cdc_async_rst_inst/reset_pol                    |                1 |              3 |         3.00 |
|  system_i/processing_system7_0/inst/FCLK_CLK0 |                                                                                                                                                                 | system_i/axi_smc/inst/s00_entry_pipeline/s00_transaction_regulator/inst/xpm_cdc_async_rst_inst/reset_pol           |                1 |              3 |         3.00 |
|  system_i/processing_system7_0/inst/FCLK_CLK0 | system_i/axi_smc/inst/s00_entry_pipeline/s00_si_converter/inst/gen_axilite_conv.axilite_conv_inst/r_state[0]                                                    | system_i/axi_smc/inst/s00_entry_pipeline/s00_si_converter/inst/areset                                              |                1 |              4 |         4.00 |
|  system_i/processing_system7_0/inst/FCLK_CLK0 | system_i/axi_smc/inst/s00_entry_pipeline/s00_si_converter/inst/gen_axilite_conv.axilite_conv_inst/aw_incr[0]                                                    | system_i/axi_smc/inst/s00_entry_pipeline/s00_si_converter/inst/areset                                              |                2 |              4 |         2.00 |
|  system_i/processing_system7_0/inst/FCLK_CLK0 |                                                                                                                                                                 | system_i/rst_ps7_0_50M/U0/EXT_LPF/lpf_int                                                                          |                3 |              4 |         1.33 |
|  system_i/processing_system7_0/inst/FCLK_CLK0 |                                                                                                                                                                 | system_i/axi_smc/inst/clk_map/psr_aclk/U0/EXT_LPF/lpf_int                                                          |                2 |              4 |         2.00 |
|  system_i/processing_system7_0/inst/FCLK_CLK0 | system_i/sc_shd_axi_wrapper_0/inst/axi_awready0                                                                                                                 | system_i/sc_shd_axi_wrapper_0/inst/u_core/dense3/S_AXI_ARESETN_0                                                   |                2 |              6 |         3.00 |
|  system_i/processing_system7_0/inst/FCLK_CLK0 | system_i/axi_smc/inst/clk_map/psr_aclk/U0/SEQ/seq_cnt_en                                                                                                        | system_i/axi_smc/inst/clk_map/psr_aclk/U0/SEQ/SEQ_COUNTER/clear                                                    |                2 |              6 |         3.00 |
|  system_i/processing_system7_0/inst/FCLK_CLK0 | system_i/axi_smc/inst/s00_nodes/s00_ar_node/inst/inst_mi_handler/gen_normal_area.inst_fifo_node_payld/gen_reg_fifo.inst_reg_fifo/gen_single_rank.inst_cntr/E[0] |                                                                                                                    |                2 |              6 |         3.00 |
|  system_i/processing_system7_0/inst/FCLK_CLK0 | system_i/axi_smc/inst/s00_nodes/s00_aw_node/inst/inst_mi_handler/gen_normal_area.inst_fifo_node_payld/gen_reg_fifo.inst_reg_fifo/gen_single_rank.inst_cntr/E[0] |                                                                                                                    |                2 |              6 |         3.00 |
|  system_i/processing_system7_0/inst/FCLK_CLK0 | system_i/rst_ps7_0_50M/U0/SEQ/seq_cnt_en                                                                                                                        | system_i/rst_ps7_0_50M/U0/SEQ/SEQ_COUNTER/clear                                                                    |                1 |              6 |         6.00 |
|  system_i/processing_system7_0/inst/FCLK_CLK0 | system_i/sc_shd_axi_wrapper_0/inst/axi_arready0                                                                                                                 | system_i/sc_shd_axi_wrapper_0/inst/u_core/dense3/S_AXI_ARESETN_0                                                   |                1 |              8 |         8.00 |
|  system_i/processing_system7_0/inst/FCLK_CLK0 | system_i/axi_smc/inst/s00_entry_pipeline/s00_si_converter/inst/gen_axilite_conv.axilite_conv_inst/r_beats[7]_i_1_n_0                                            | system_i/axi_smc/inst/s00_entry_pipeline/s00_si_converter/inst/areset                                              |                3 |              8 |         2.67 |
|  system_i/processing_system7_0/inst/FCLK_CLK0 | system_i/axi_smc/inst/s00_entry_pipeline/s00_si_converter/inst/gen_axilite_conv.axilite_conv_inst/ar_cnt[7]_i_1_n_0                                             | system_i/axi_smc/inst/s00_entry_pipeline/s00_si_converter/inst/areset                                              |                3 |              8 |         2.67 |
|  system_i/processing_system7_0/inst/FCLK_CLK0 | system_i/axi_smc/inst/s00_entry_pipeline/s00_mmu/inst/gen_endpoint.decerr_slave_inst/gen_axi.gen_read.read_cnt[7]_i_1_n_0                                       | system_i/axi_smc/inst/s00_entry_pipeline/s00_mmu/inst/areset                                                       |                3 |              8 |         2.67 |
|  system_i/processing_system7_0/inst/FCLK_CLK0 | system_i/axi_smc/inst/s00_entry_pipeline/s00_si_converter/inst/gen_axilite_conv.axilite_conv_inst/s_buser[0]                                                    | system_i/axi_smc/inst/s00_entry_pipeline/s00_si_converter/inst/gen_axilite_conv.axilite_conv_inst/b_cnt[8]_i_1_n_0 |                3 |              9 |         3.00 |
|  system_i/processing_system7_0/inst/FCLK_CLK0 | system_i/axi_smc/inst/s00_entry_pipeline/s00_si_converter/inst/gen_axilite_conv.axilite_conv_inst/w_cnt[8]_i_1_n_0                                              | system_i/axi_smc/inst/s00_entry_pipeline/s00_si_converter/inst/areset                                              |                3 |              9 |         3.00 |
|  system_i/processing_system7_0/inst/FCLK_CLK0 | system_i/axi_smc/inst/s00_entry_pipeline/s00_si_converter/inst/gen_axilite_conv.axilite_conv_inst/ar_addr_d[7]_i_1_n_0                                          | system_i/axi_smc/inst/s00_entry_pipeline/s00_si_converter/inst/areset                                              |                5 |             10 |         2.00 |
|  system_i/processing_system7_0/inst/FCLK_CLK0 | system_i/axi_smc/inst/s00_entry_pipeline/s00_mmu/inst/gen_endpoint.decerr_slave_inst/gen_axi.gen_write.s_axi_bid_i[11]_i_1_n_0                                  | system_i/axi_smc/inst/s00_entry_pipeline/s00_mmu/inst/areset                                                       |                3 |             12 |         4.00 |
|  system_i/processing_system7_0/inst/FCLK_CLK0 | system_i/axi_smc/inst/s00_entry_pipeline/s00_transaction_regulator/inst/gen_endpoint.gen_w_singleorder.w_singleorder/gen_id_reg.s_rid_i0                        |                                                                                                                    |                2 |             12 |         6.00 |
|  system_i/processing_system7_0/inst/FCLK_CLK0 | system_i/axi_smc/inst/s00_entry_pipeline/s00_si_converter/inst/gen_axilite_conv.axilite_conv_inst/aw_addr[7]_i_1_n_0                                            | system_i/axi_smc/inst/s00_entry_pipeline/s00_si_converter/inst/areset                                              |                7 |             12 |         1.71 |
|  system_i/processing_system7_0/inst/FCLK_CLK0 | system_i/axi_smc/inst/s00_entry_pipeline/s00_mmu/inst/gen_endpoint.decerr_slave_inst/gen_axi.gen_read.s_axi_rid_i[11]_i_1_n_0                                   | system_i/axi_smc/inst/s00_entry_pipeline/s00_mmu/inst/areset                                                       |                5 |             12 |         2.40 |
|  system_i/processing_system7_0/inst/FCLK_CLK0 | system_i/axi_smc/inst/s00_entry_pipeline/s00_transaction_regulator/inst/gen_endpoint.gen_r_singleorder.r_singleorder/gen_id_reg.s_rid_i0                        |                                                                                                                    |                3 |             12 |         4.00 |
|  system_i/processing_system7_0/inst/FCLK_CLK0 |                                                                                                                                                                 | system_i/sc_shd_axi_wrapper_0/inst/u_core/dense3/S_AXI_ARESETN_0                                                   |               10 |             16 |         1.60 |
|  system_i/processing_system7_0/inst/FCLK_CLK0 | system_i/sc_shd_axi_wrapper_0/inst/t_orig_reg[0]                                                                                                                | system_i/sc_shd_axi_wrapper_0/inst/u_core/dense3/S_AXI_ARESETN_0                                                   |                3 |             16 |         5.33 |
|  system_i/processing_system7_0/inst/FCLK_CLK0 | system_i/sc_shd_axi_wrapper_0/inst/u_core/cycle[0]_i_1_n_0                                                                                                      | system_i/sc_shd_axi_wrapper_0/inst/u_core/dense3/S_AXI_ARESETN_0                                                   |                4 |             16 |         4.00 |
|  system_i/processing_system7_0/inst/FCLK_CLK0 |                                                                                                                                                                 | system_i/axi_smc/inst/s00_entry_pipeline/s00_si_converter/inst/areset                                              |                9 |             17 |         1.89 |
|  system_i/processing_system7_0/inst/FCLK_CLK0 |                                                                                                                                                                 | system_i/axi_smc/inst/s00_entry_pipeline/s00_mmu/inst/areset                                                       |               13 |             23 |         1.77 |
|  system_i/processing_system7_0/inst/FCLK_CLK0 | system_i/axi_smc/inst/s00_entry_pipeline/s00_si_converter/inst/gen_axilite_conv.axilite_conv_inst/m_aruser[0]                                                   | system_i/axi_smc/inst/s00_entry_pipeline/s00_si_converter/inst/areset                                              |               11 |             30 |         2.73 |
|  system_i/processing_system7_0/inst/FCLK_CLK0 | system_i/sc_shd_axi_wrapper_0/inst/scale_l1_reg[0]                                                                                                              | system_i/sc_shd_axi_wrapper_0/inst/u_core/dense3/S_AXI_ARESETN_0                                                   |               12 |             32 |         2.67 |
|  system_i/processing_system7_0/inst/FCLK_CLK0 | system_i/sc_shd_axi_wrapper_0/inst/scale_l3_reg[0]                                                                                                              | system_i/sc_shd_axi_wrapper_0/inst/u_core/dense3/S_AXI_ARESETN_0                                                   |               14 |             32 |         2.29 |
|  system_i/processing_system7_0/inst/FCLK_CLK0 | system_i/sc_shd_axi_wrapper_0/inst/scale_l2_reg[0]                                                                                                              | system_i/sc_shd_axi_wrapper_0/inst/u_core/dense3/S_AXI_ARESETN_0                                                   |               11 |             32 |         2.91 |
|  system_i/processing_system7_0/inst/FCLK_CLK0 | system_i/axi_smc/inst/s00_entry_pipeline/s00_mmu/inst/aw_reg_stall/m_vector_i[0]                                                                                |                                                                                                                    |                6 |             32 |         5.33 |
|  system_i/processing_system7_0/inst/FCLK_CLK0 | system_i/sc_shd_axi_wrapper_0/inst/axi_rvalid00_out                                                                                                             | system_i/sc_shd_axi_wrapper_0/inst/u_core/dense3/S_AXI_ARESETN_0                                                   |               21 |             32 |         1.52 |
|  system_i/processing_system7_0/inst/FCLK_CLK0 | system_i/axi_smc/inst/s00_nodes/s00_w_node/inst/inst_mi_handler/gen_normal_area.inst_fifo_node_payld/gen_reg_fifo.inst_reg_fifo/gen_single_rank.inst_cntr/E[0]  |                                                                                                                    |               10 |             32 |         3.20 |
|  system_i/processing_system7_0/inst/FCLK_CLK0 | system_i/axi_smc/inst/s00_entry_pipeline/s00_mmu/inst/aw_reg_stall/skid_buffer[1136]_i_1__0_n_0                                                                 |                                                                                                                    |                7 |             32 |         4.57 |
|  system_i/processing_system7_0/inst/FCLK_CLK0 | system_i/axi_smc/inst/s00_entry_pipeline/s00_mmu/inst/ar_reg_stall/skid_buffer[1136]_i_1_n_0                                                                    |                                                                                                                    |                6 |             32 |         5.33 |
|  system_i/processing_system7_0/inst/FCLK_CLK0 | system_i/axi_smc/inst/s00_entry_pipeline/s00_mmu/inst/ar_reg_stall/m_vector_i[0]                                                                                |                                                                                                                    |                5 |             32 |         6.40 |
|  system_i/processing_system7_0/inst/FCLK_CLK0 | system_i/axi_smc/inst/s00_entry_pipeline/s00_si_converter/inst/gen_axilite_conv.axilite_conv_inst/s_axi_rdata_i[31]_i_1_n_0                                     | system_i/axi_smc/inst/s00_entry_pipeline/s00_si_converter/inst/areset                                              |                5 |             32 |         6.40 |
|  system_i/processing_system7_0/inst/FCLK_CLK0 | system_i/axi_smc/inst/s00_nodes/s00_r_node/inst/inst_mi_handler/gen_normal_area.inst_fifo_node_payld/gen_reg_fifo.inst_reg_fifo/gen_single_rank.inst_cntr/E[0]  |                                                                                                                    |               11 |             32 |         2.91 |
|  system_i/processing_system7_0/inst/FCLK_CLK0 |                                                                                                                                                                 |                                                                                                                    |               54 |            144 |         2.67 |
|  system_i/processing_system7_0/inst/FCLK_CLK0 | system_i/sc_shd_axi_wrapper_0/inst/u_core/output_v_sum_packed[639]_i_1_n_0                                                                                      | system_i/sc_shd_axi_wrapper_0/inst/u_core/dense3/S_AXI_ARESETN_0                                                   |              126 |            640 |         5.08 |
+-----------------------------------------------+-----------------------------------------------------------------------------------------------------------------------------------------------------------------+--------------------------------------------------------------------------------------------------------------------+------------------+----------------+--------------+


